// Jest Snapshot v1, https://goo.gl/fbAQLP

exports[`Button snapshot 1`] = `
<button
  className="sc-bdVaJa cDbiZU"
>
  FOO
</button>
`;
