// Jest Snapshot v1, https://goo.gl/fbAQLP

exports[`Button snapshot 1`] = `
<div
  className="sc-bdVaJa eMyZqx"
>
  FOO
</div>
`;

exports[`ButtonGroup snapshot 1`] = `
<div
  className="sc-bdVaJa eMyZqx"
>
  FOO
</div>
`;
